(error "../tests/smtlib/testfile-get-assignment1.err.smt2:3.0:
No model produced, cannot execute get-assignment.")
