
unsat
(error "../tests/models/issues/719.default.err.smt2:18.0: No model produced.")
