
unknown
(error "../tests/issues/1024.err.default.smt2:8.0: No model produced.")
