
unknown
(
  (define-fun a () (Array Int Int) (as @a3 (Array Int Int)))
  (define-fun b () (Array Int Int) (as @a2 (Array Int Int)))
)
